easy : 1 2 
easygoing : 1 

No suggestions...

no : 1 2 
noah : 2 
nobility : 1 2 
noble : 1 2 
nobleman : 1 2 

No suggestions...

in : 1 2 
inability : 1 2 
inaccessibility : 2 
inaccessible : 2 
inaccurate : 1 2 

this : 1 2 

test : 1 2 
testament : 1 2 
tested : 1 2 
testes : 1 
testicle : 1 

subscribe : 1 2 
subscribed : 1 2 
subscribers : 1 

to : 1 2 
toast : 1 2 
toastmaster : 1 
toasts : 1 2 
tobacco : 1 2 

No suggestions...

try : 1 2 
trying : 1 2 
trypanosomiasis : 1 

to : 1 2 
toast : 1 2 
toastmaster : 1 
toasts : 1 2 
tobacco : 1 2 

use : 1 2 
used : 1 2 
useful : 1 2 
usefulness : 1 2 
useless : 1 2 

tried : 1 2 
tries : 2 

have : 1 2 
haven : 1 2 
haversian : 1 

you : 1 2 
young : 1 2 
younger : 1 2 
youngest : 1 2 
youngster : 1 2 

ever : 1 2 
everett : 1 
evergreen : 2 
everlasting : 2 
evermore : 2 

heard : 1 2 

of : 1 2 
off : 1 2 
offahd : 2 
offence : 1 2 
offences : 1 

No suggestions...

